Test Login: FAILED
Step 1: Open Home Page
Step 2: Enter Credentials